[Corpus] Ï∫êÏãú Î°úÎìú: c:\Users\SSAFY\Desktop\Í≥µÏ†ïÍ±∞Îûò_Îç∞Ïù¥ÌÑ∞\rag_system\index\corpus.json
Ï†ÑÏ≤¥ Ï≤≠ÌÅ¨: 31879Í∞ú
Traceback (most recent call last):
  File "C:\Users\SSAFY\Desktop\∞¯¡§∞≈∑°_µ•¿Ã≈Õ\rag_system\build_dense_resume.py", line 32, in <module>
    existing_count = collection.count()
                     ^^^^^^^^^^^^^^^^^^
  File "C:\Users\SSAFY\AppData\Local\Programs\Python\Python311\Lib\site-packages\chromadb\api\models\Collection.py", line 53, in count
    return self._client._count(
           ^^^^^^^^^^^^^^^^^^^^
  File "C:\Users\SSAFY\AppData\Local\Programs\Python\Python311\Lib\site-packages\chromadb\api\rust.py", line 367, in _count
    return self.bindings.count(str(collection_id), tenant, database)
           ^^^^^^^^^^^^^^^^^^^^^^^^^^^^^^^^^^^^^^^^^^^^^^^^^^^^^^^^^
chromadb.errors.InternalError: Error executing plan: Error sending backfill request to compactor: Error constructing hnsw segment reader: Error creating hnsw segment reader: Error loading hnsw index

During handling of the above exception, another exception occurred:

Traceback (most recent call last):
  File "C:\Users\SSAFY\Desktop\∞¯¡§∞≈∑°_µ•¿Ã≈Õ\rag_system\build_dense_resume.py", line 35, in <module>
    collection = client.create_collection(
                 ^^^^^^^^^^^^^^^^^^^^^^^^^
  File "C:\Users\SSAFY\AppData\Local\Programs\Python\Python311\Lib\site-packages\chromadb\api\client.py", line 222, in create_collection
    model = self._server.create_collection(
            ^^^^^^^^^^^^^^^^^^^^^^^^^^^^^^^
  File "C:\Users\SSAFY\AppData\Local\Programs\Python\Python311\Lib\site-packages\chromadb\api\rust.py", line 244, in create_collection
    collection = self.bindings.create_collection(
                 ^^^^^^^^^^^^^^^^^^^^^^^^^^^^^^^^
chromadb.errors.InternalError: Collection [ftc_chunks] already exists
