[Corpus] 캐시 로드: c:\Users\SSAFY\Desktop\공정거래_데이터\rag_system\index\corpus.json
전체 청크: 31879개
체크포인트: 0번부터 재시작
  [50/31879] 2s, ETA 1445s
  [100/31879] 3s, ETA 1034s
  [150/31879] 4s, ETA 917s
  [200/31879] 6s, ETA 986s
  [250/31879] 7s, ETA 936s
  [300/31879] 9s, ETA 940s
  [350/31879] 10s, ETA 891s
  [400/31879] 12s, ETA 957s
  [450/31879] 13s, ETA 934s
  [500/31879] 15s, ETA 959s
  → 저장 완료 (500개)
  [550/31879] 17s, ETA 982s
  [600/31879] 18s, ETA 952s
  [650/31879] 19s, ETA 928s
  [700/31879] 21s, ETA 941s
  [750/31879] 24s, ETA 995s
  [800/31879] 25s, ETA 976s
  [850/31879] 27s, ETA 998s
  [900/31879] 29s, ETA 1009s
  [950/31879] 31s, ETA 1023s
  [1000/31879] 33s, ETA 1030s
  → 저장 완료 (1000개)
  [1050/31879] 37s, ETA 1083s
  [1100/31879] 38s, ETA 1065s
  [1150/31879] 40s, ETA 1074s
  [1200/31879] 43s, ETA 1093s
  [1250/31879] 46s, ETA 1117s
  [1300/31879] 48s, ETA 1128s
  [1350/31879] 51s, ETA 1145s
  [1400/31879] 53s, ETA 1148s
  [1450/31879] 54s, ETA 1130s
  [1500/31879] 56s, ETA 1144s
  → 저장 완료 (1500개)
  [1550/31879] 59s, ETA 1162s
  [1600/31879] 63s, ETA 1184s
  [1650/31879] 63s, ETA 1163s
  [1700/31879] 67s, ETA 1181s
  [1750/31879] 69s, ETA 1189s
  [1800/31879] 71s, ETA 1190s
  [1850/31879] 74s, ETA 1197s
  [1900/31879] 77s, ETA 1213s
  [1950/31879] 78s, ETA 1196s
  [2000/31879] 80s, ETA 1201s
  → 저장 완료 (2000개)
  [2050/31879] 83s, ETA 1206s
  [2100/31879] 84s, ETA 1194s
  [2150/31879] 87s, ETA 1201s
  [2200/31879] 89s, ETA 1203s
  [2250/31879] 92s, ETA 1210s
  [2300/31879] 93s, ETA 1196s
  [2350/31879] 94s, ETA 1183s
  [2400/31879] 96s, ETA 1184s
  [2450/31879] 99s, ETA 1187s
  [2500/31879] 100s, ETA 1173s
  → 저장 완료 (2500개)
  [2550/31879] 103s, ETA 1181s
  [2600/31879] 105s, ETA 1179s
  [2650/31879] 107s, ETA 1179s
  [2700/31879] 109s, ETA 1177s
  [2750/31879] 110s, ETA 1165s
  [2800/31879] 113s, ETA 1168s
  [2850/31879] 114s, ETA 1157s
  [2900/31879] 115s, ETA 1144s
  [2950/31879] 116s, ETA 1134s
  [3000/31879] 118s, ETA 1136s
  → 저장 완료 (3000개)
  [3050/31879] 121s, ETA 1145s
  [3100/31879] 123s, ETA 1144s
  [3150/31879] 125s, ETA 1142s
  [3200/31879] 126s, ETA 1132s
  [3250/31879] 130s, ETA 1143s
  [3300/31879] 132s, ETA 1140s
  [3350/31879] 135s, ETA 1146s
  [3400/31879] 137s, ETA 1149s
  [3450/31879] 138s, ETA 1139s
  [3500/31879] 141s, ETA 1142s
  → 저장 완료 (3500개)
  [3550/31879] 143s, ETA 1143s
  [3600/31879] 146s, ETA 1147s
  [3650/31879] 149s, ETA 1152s
  [3700/31879] 151s, ETA 1152s
  [3750/31879] 154s, ETA 1157s
  [3800/31879] 157s, ETA 1161s
  [3850/31879] 160s, ETA 1165s
  [3900/31879] 162s, ETA 1164s
  [3950/31879] 164s, ETA 1162s
  [4000/31879] 167s, ETA 1166s
  → 저장 완료 (4000개)
  [4050/31879] 170s, ETA 1166s
  [4100/31879] 171s, ETA 1156s
  [4150/31879] 174s, ETA 1161s
  [4200/31879] 176s, ETA 1159s
  [4250/31879] 177s, ETA 1150s
  [4300/31879] 179s, ETA 1149s
  [4350/31879] 181s, ETA 1147s
  [4400/31879] 184s, ETA 1150s
  [4450/31879] 185s, ETA 1142s
  [4500/31879] 186s, ETA 1133s
  → 저장 완료 (4500개)
  [4550/31879] 188s, ETA 1126s
  [4600/31879] 190s, ETA 1129s
  [4650/31879] 193s, ETA 1128s
  [4700/31879] 194s, ETA 1120s
  [4750/31879] 195s, ETA 1112s
  [4800/31879] 198s, ETA 1115s
  [4850/31879] 200s, ETA 1113s
  [4900/31879] 204s, ETA 1123s
  [4950/31879] 206s, ETA 1122s
  [5000/31879] 207s, ETA 1115s
  → 저장 완료 (5000개)
  [5050/31879] 210s, ETA 1114s
  [5100/31879] 212s, ETA 1112s
  [5150/31879] 214s, ETA 1111s
  [5200/31879] 215s, ETA 1103s
  [5250/31879] 218s, ETA 1105s
  [5300/31879] 219s, ETA 1097s
  [5350/31879] 220s, ETA 1090s
  [5400/31879] 223s, ETA 1092s
  [5450/31879] 225s, ETA 1090s
  [5500/31879] 228s, ETA 1095s
  → 저장 완료 (5500개)
  [5550/31879] 230s, ETA 1091s
  [5600/31879] 231s, ETA 1084s
  [5650/31879] 234s, ETA 1088s
  [5700/31879] 237s, ETA 1086s
  [5750/31879] 239s, ETA 1086s
  [5800/31879] 240s, ETA 1081s
  [5850/31879] 243s, ETA 1080s
  [5900/31879] 243s, ETA 1072s
  [5950/31879] 246s, ETA 1072s
  [6000/31879] 249s, ETA 1076s
  → 저장 완료 (6000개)
  [6050/31879] 253s, ETA 1079s
  [6100/31879] 255s, ETA 1077s
  [6150/31879] 257s, ETA 1073s
  [6200/31879] 259s, ETA 1073s
  [6250/31879] 261s, ETA 1071s
  [6300/31879] 262s, ETA 1065s
  [6350/31879] 264s, ETA 1061s
  [6400/31879] 266s, ETA 1061s
  [6450/31879] 269s, ETA 1062s
  [6500/31879] 272s, ETA 1060s
  → 저장 완료 (6500개)
  [6550/31879] 275s, ETA 1063s
  [6600/31879] 277s, ETA 1061s
  [6650/31879] 278s, ETA 1057s
  [6700/31879] 281s, ETA 1056s
  [6750/31879] 282s, ETA 1050s
  [6800/31879] 285s, ETA 1050s
  [6850/31879] 287s, ETA 1048s
  [6900/31879] 288s, ETA 1044s
  [6950/31879] 290s, ETA 1039s
  [7000/31879] 291s, ETA 1036s
  → 저장 완료 (7000개)
  [7050/31879] 294s, ETA 1036s
  [7100/31879] 296s, ETA 1032s
  [7150/31879] 297s, ETA 1028s
  [7200/31879] 299s, ETA 1026s
  [7250/31879] 302s, ETA 1027s
  [7300/31879] 305s, ETA 1027s
  [7350/31879] 308s, ETA 1027s
  [7400/31879] 310s, ETA 1025s
  [7450/31879] 312s, ETA 1023s
  [7500/31879] 315s, ETA 1022s
  → 저장 완료 (7500개)
  [7550/31879] 317s, ETA 1022s
  [7600/31879] 319s, ETA 1021s
  [7650/31879] 321s, ETA 1017s
  [7700/31879] 323s, ETA 1016s
  [7750/31879] 326s, ETA 1015s
  [7800/31879] 327s, ETA 1010s
  [7850/31879] 330s, ETA 1010s
  [7900/31879] 333s, ETA 1010s
  [7950/31879] 336s, ETA 1013s
  [8000/31879] 339s, ETA 1013s
  → 저장 완료 (8000개)
  [8050/31879] 342s, ETA 1013s
  [8100/31879] 343s, ETA 1008s
  [8150/31879] 345s, ETA 1003s
  [8200/31879] 346s, ETA 999s
  [8250/31879] 349s, ETA 999s
  [8300/31879] 352s, ETA 1001s
  [8350/31879] 355s, ETA 999s
  [8400/31879] 357s, ETA 998s
  [8450/31879] 359s, ETA 997s
  [8500/31879] 363s, ETA 998s
  → 저장 완료 (8500개)
  [8550/31879] 366s, ETA 999s
  [8600/31879] 367s, ETA 995s
  [8650/31879] 369s, ETA 990s
  [8700/31879] 370s, ETA 985s
  [8750/31879] 372s, ETA 983s
  [8800/31879] 376s, ETA 985s
  [8850/31879] 378s, ETA 984s
  [8900/31879] 379s, ETA 979s
  [8950/31879] 381s, ETA 977s
  [9000/31879] 383s, ETA 974s
  → 저장 완료 (9000개)
  [9050/31879] 387s, ETA 976s
  [9100/31879] 389s, ETA 974s
  [9150/31879] 391s, ETA 971s
  [9200/31879] 394s, ETA 971s
  [9250/31879] 396s, ETA 969s
  [9300/31879] 398s, ETA 967s
  [9350/31879] 400s, ETA 963s
  [9400/31879] 403s, ETA 963s
  [9450/31879] 406s, ETA 963s
  [9500/31879] 408s, ETA 961s
  → 저장 완료 (9500개)
  [9550/31879] 412s, ETA 962s
  [9600/31879] 414s, ETA 960s
  [9650/31879] 416s, ETA 959s
  [9700/31879] 419s, ETA 957s
  [9750/31879] 421s, ETA 955s
  [9800/31879] 422s, ETA 951s
  [9850/31879] 424s, ETA 949s
  [9900/31879] 427s, ETA 948s
  [9950/31879] 428s, ETA 943s
  [10000/31879] 431s, ETA 943s
  → 저장 완료 (10000개)
  [10050/31879] 433s, ETA 940s
  [10100/31879] 434s, ETA 936s
  [10150/31879] 435s, ETA 932s
  [10200/31879] 439s, ETA 933s
  [10250/31879] 441s, ETA 931s
  [10300/31879] 443s, ETA 929s
  [10350/31879] 444s, ETA 924s
  [10400/31879] 447s, ETA 924s
  [10450/31879] 448s, ETA 919s
  [10500/31879] 449s, ETA 914s
  → 저장 완료 (10500개)
  [10550/31879] 453s, ETA 917s
  [10600/31879] 455s, ETA 913s
  [10650/31879] 461s, ETA 918s
  [10700/31879] 466s, ETA 923s
  [10750/31879] 473s, ETA 929s
  [10800/31879] 480s, ETA 936s
  [10850/31879] 485s, ETA 939s
  [10900/31879] 491s, ETA 946s
  [10950/31879] 508s, ETA 970s
  [11000/31879] 519s, ETA 986s
  → 저장 완료 (11000개)
  [11050/31879] 523s, ETA 985s
  [11100/31879] 528s, ETA 989s
  [11150/31879] 540s, ETA 1004s
  [11200/31879] 544s, ETA 1004s
  [11250/31879] 547s, ETA 1002s
  [11300/31879] 550s, ETA 1001s
  [11350/31879] 552s, ETA 999s
  [11400/31879] 555s, ETA 997s
  [11450/31879] 558s, ETA 996s
  [11500/31879] 560s, ETA 992s
  → 저장 완료 (11500개)
  [11550/31879] 564s, ETA 993s
  [11600/31879] 566s, ETA 990s
  [11650/31879] 568s, ETA 986s
  [11700/31879] 571s, ETA 984s
  [11750/31879] 573s, ETA 981s
  [11800/31879] 575s, ETA 979s
  [11850/31879] 576s, ETA 974s
  [11900/31879] 580s, ETA 973s
  [11950/31879] 582s, ETA 970s
  [12000/31879] 583s, ETA 966s
  → 저장 완료 (12000개)
  [12050/31879] 585s, ETA 963s
  [12100/31879] 587s, ETA 960s
  [12150/31879] 590s, ETA 958s
  [12200/31879] 592s, ETA 955s
  [12250/31879] 593s, ETA 951s
  [12300/31879] 594s, ETA 946s
  [12350/31879] 595s, ETA 941s
  [12400/31879] 596s, ETA 937s
  [12450/31879] 598s, ETA 934s
  [12500/31879] 600s, ETA 930s
  → 저장 완료 (12500개)
  [12550/31879] 602s, ETA 927s
  [12600/31879] 603s, ETA 923s
  [12650/31879] 604s, ETA 919s
  [12700/31879] 607s, ETA 917s
  [12750/31879] 608s, ETA 913s
  [12800/31879] 609s, ETA 908s
  [12850/31879] 610s, ETA 904s
  [12900/31879] 612s, ETA 901s
  [12950/31879] 615s, ETA 898s
  [13000/31879] 617s, ETA 896s
  → 저장 완료 (13000개)
  [13050/31879] 621s, ETA 896s
  [13100/31879] 625s, ETA 896s
  [13150/31879] 628s, ETA 894s
  [13200/31879] 630s, ETA 892s
  [13250/31879] 633s, ETA 890s
  [13300/31879] 635s, ETA 887s
  [13350/31879] 636s, ETA 883s
  [13400/31879] 639s, ETA 881s
  [13450/31879] 642s, ETA 880s
  [13500/31879] 645s, ETA 878s
  → 저장 완료 (13500개)
  [13550/31879] 648s, ETA 877s
  [13600/31879] 651s, ETA 875s
  [13650/31879] 653s, ETA 873s
  [13700/31879] 656s, ETA 870s
  [13750/31879] 657s, ETA 867s
  [13800/31879] 659s, ETA 864s
  [13850/31879] 662s, ETA 862s
  [13900/31879] 664s, ETA 859s
  [13950/31879] 667s, ETA 857s
  [14000/31879] 669s, ETA 854s
  → 저장 완료 (14000개)
  [14050/31879] 672s, ETA 853s
  [14100/31879] 675s, ETA 852s
  [14150/31879] 678s, ETA 850s
  [14200/31879] 679s, ETA 846s
  [14250/31879] 681s, ETA 843s
  [14300/31879] 684s, ETA 841s
  [14350/31879] 686s, ETA 838s
  [14400/31879] 687s, ETA 834s
  [14450/31879] 688s, ETA 830s
  [14500/31879] 690s, ETA 827s
  → 저장 완료 (14500개)
  [14550/31879] 692s, ETA 825s
  [14600/31879] 694s, ETA 821s
  [14650/31879] 696s, ETA 818s
  [14700/31879] 698s, ETA 816s
  [14750/31879] 700s, ETA 813s
  [14800/31879] 703s, ETA 811s
  [14850/31879] 705s, ETA 808s
  [14900/31879] 707s, ETA 806s
  [14950/31879] 708s, ETA 802s
  [15000/31879] 709s, ETA 798s
  → 저장 완료 (15000개)
  [15050/31879] 713s, ETA 797s
  [15100/31879] 716s, ETA 796s
  [15150/31879] 717s, ETA 792s
  [15200/31879] 720s, ETA 790s
  [15250/31879] 722s, ETA 787s
  [15300/31879] 723s, ETA 783s
  [15350/31879] 724s, ETA 779s
  [15400/31879] 726s, ETA 777s
  [15450/31879] 727s, ETA 773s
  [15500/31879] 729s, ETA 771s
  → 저장 완료 (15500개)
  [15550/31879] 733s, ETA 769s
  [15600/31879] 735s, ETA 767s
  [15650/31879] 736s, ETA 764s
  [15700/31879] 737s, ETA 760s
  [15750/31879] 740s, ETA 757s
  [15800/31879] 742s, ETA 755s
  [15850/31879] 745s, ETA 753s
  [15900/31879] 748s, ETA 751s
  [15950/31879] 748s, ETA 747s
  [16000/31879] 749s, ETA 743s
  → 저장 완료 (16000개)
  [16050/31879] 751s, ETA 741s
  [16100/31879] 752s, ETA 737s
  [16150/31879] 754s, ETA 734s
  [16200/31879] 755s, ETA 731s
  [16250/31879] 757s, ETA 728s
  [16300/31879] 759s, ETA 726s
  [16350/31879] 761s, ETA 722s
  [16400/31879] 763s, ETA 720s
  [16450/31879] 765s, ETA 717s
  [16500/31879] 768s, ETA 716s
  → 저장 완료 (16500개)
  [16550/31879] 771s, ETA 714s
  [16600/31879] 772s, ETA 711s
  [16650/31879] 775s, ETA 708s
  [16700/31879] 777s, ETA 706s
  [16750/31879] 779s, ETA 704s
  [16800/31879] 780s, ETA 700s
  [16850/31879] 783s, ETA 698s
  [16900/31879] 783s, ETA 694s
  [16950/31879] 784s, ETA 691s
  [17000/31879] 787s, ETA 688s
  → 저장 완료 (17000개)
  [17050/31879] 791s, ETA 688s
  [17100/31879] 793s, ETA 685s
  [17150/31879] 795s, ETA 683s
  [17200/31879] 796s, ETA 679s
  [17250/31879] 798s, ETA 677s
  [17300/31879] 800s, ETA 674s
  [17350/31879] 803s, ETA 672s
  [17400/31879] 806s, ETA 671s
  [17450/31879] 808s, ETA 668s
  [17500/31879] 809s, ETA 665s
  → 저장 완료 (17500개)
  [17550/31879] 813s, ETA 663s
  [17600/31879] 815s, ETA 661s
  [17650/31879] 817s, ETA 659s
  [17700/31879] 819s, ETA 656s
  [17750/31879] 822s, ETA 654s
  [17800/31879] 824s, ETA 652s
  [17850/31879] 826s, ETA 650s
  [17900/31879] 827s, ETA 646s
  [17950/31879] 829s, ETA 643s
  [18000/31879] 832s, ETA 642s
  → 저장 완료 (18000개)
  [18050/31879] 836s, ETA 640s
  [18100/31879] 837s, ETA 637s
  [18150/31879] 839s, ETA 635s
  [18200/31879] 840s, ETA 631s
  [18250/31879] 842s, ETA 629s
  [18300/31879] 843s, ETA 626s
  [18350/31879] 844s, ETA 622s
  [18400/31879] 844s, ETA 619s
  [18450/31879] 845s, ETA 615s
  [18500/31879] 848s, ETA 613s
  → 저장 완료 (18500개)
  [18550/31879] 852s, ETA 612s
  [18600/31879] 854s, ETA 610s
  [18650/31879] 857s, ETA 608s
  [18700/31879] 858s, ETA 604s
  [18750/31879] 860s, ETA 602s
  [18800/31879] 863s, ETA 600s
  [18850/31879] 864s, ETA 597s
  [18900/31879] 866s, ETA 594s
  [18950/31879] 867s, ETA 592s
  [19000/31879] 871s, ETA 590s
  → 저장 완료 (19000개)
  [19050/31879] 875s, ETA 589s
  [19100/31879] 875s, ETA 586s
  [19150/31879] 876s, ETA 582s
  [19200/31879] 878s, ETA 580s
  [19250/31879] 878s, ETA 576s
  [19300/31879] 879s, ETA 573s
  [19350/31879] 882s, ETA 571s
  [19400/31879] 885s, ETA 569s
  [19450/31879] 887s, ETA 567s
  [19500/31879] 887s, ETA 563s
  → 저장 완료 (19500개)
  [19550/31879] 890s, ETA 561s
  [19600/31879] 891s, ETA 558s
  [19650/31879] 893s, ETA 556s
  [19700/31879] 895s, ETA 553s
  [19750/31879] 897s, ETA 551s
  [19800/31879] 900s, ETA 549s
  [19850/31879] 902s, ETA 546s
  [19900/31879] 904s, ETA 544s
  [19950/31879] 907s, ETA 542s
  [20000/31879] 909s, ETA 540s
  → 저장 완료 (20000개)
  [20050/31879] 913s, ETA 539s
  [20100/31879] 914s, ETA 536s
  [20150/31879] 915s, ETA 533s
  [20200/31879] 916s, ETA 529s
  [20250/31879] 918s, ETA 527s
  [20300/31879] 920s, ETA 525s
  [20350/31879] 921s, ETA 522s
  [20400/31879] 922s, ETA 519s
  [20450/31879] 924s, ETA 516s
  [20500/31879] 926s, ETA 514s
  → 저장 완료 (20500개)
  [20550/31879] 930s, ETA 513s
  [20600/31879] 931s, ETA 510s
  [20650/31879] 934s, ETA 508s
  [20700/31879] 935s, ETA 505s
  [20750/31879] 937s, ETA 502s
  [20800/31879] 939s, ETA 500s
  [20850/31879] 940s, ETA 497s
  [20900/31879] 942s, ETA 495s
  [20950/31879] 945s, ETA 493s
  [21000/31879] 947s, ETA 490s
  → 저장 완료 (21000개)
  [21050/31879] 951s, ETA 489s
  [21100/31879] 952s, ETA 486s
  [21150/31879] 952s, ETA 483s
  [21200/31879] 955s, ETA 481s
  [21250/31879] 958s, ETA 479s
  [21300/31879] 958s, ETA 476s
  [21350/31879] 959s, ETA 473s
  [21400/31879] 961s, ETA 471s
  [21450/31879] 962s, ETA 468s
  [21500/31879] 963s, ETA 465s
  → 저장 완료 (21500개)
  [21550/31879] 966s, ETA 463s
  [21600/31879] 968s, ETA 461s
  [21650/31879] 971s, ETA 459s
  [21700/31879] 972s, ETA 456s
  [21750/31879] 975s, ETA 454s
  [21800/31879] 978s, ETA 452s
  [21850/31879] 978s, ETA 449s
  [21900/31879] 981s, ETA 447s
  [21950/31879] 984s, ETA 445s
  [22000/31879] 985s, ETA 442s
  → 저장 완료 (22000개)
  [22050/31879] 988s, ETA 440s
  [22100/31879] 990s, ETA 438s
  [22150/31879] 991s, ETA 435s
  [22200/31879] 994s, ETA 433s
  [22250/31879] 997s, ETA 431s
  [22300/31879] 998s, ETA 429s
  [22350/31879] 999s, ETA 426s
  [22400/31879] 1001s, ETA 424s
  [22450/31879] 1002s, ETA 421s
  [22500/31879] 1003s, ETA 418s
  → 저장 완료 (22500개)
  [22550/31879] 1007s, ETA 417s
  [22600/31879] 1010s, ETA 415s
  [22650/31879] 1012s, ETA 412s
  [22700/31879] 1013s, ETA 409s
  [22750/31879] 1015s, ETA 407s
  [22800/31879] 1018s, ETA 405s
  [22850/31879] 1019s, ETA 403s
  [22900/31879] 1021s, ETA 400s
  [22950/31879] 1023s, ETA 398s
  [23000/31879] 1024s, ETA 395s
  → 저장 완료 (23000개)
  [23050/31879] 1028s, ETA 394s
  [23100/31879] 1029s, ETA 391s
  [23150/31879] 1030s, ETA 388s
  [23200/31879] 1031s, ETA 386s
  [23250/31879] 1031s, ETA 383s
  [23300/31879] 1034s, ETA 381s
  [23350/31879] 1037s, ETA 379s
  [23400/31879] 1039s, ETA 377s
  [23450/31879] 1042s, ETA 375s
  [23500/31879] 1044s, ETA 372s
  → 저장 완료 (23500개)
  [23550/31879] 1048s, ETA 371s
  [23600/31879] 1049s, ETA 368s
  [23650/31879] 1051s, ETA 366s
  [23700/31879] 1054s, ETA 364s
  [23750/31879] 1055s, ETA 361s
  [23800/31879] 1057s, ETA 359s
  [23850/31879] 1058s, ETA 356s
  [23900/31879] 1059s, ETA 354s
  [23950/31879] 1061s, ETA 351s
  [24000/31879] 1064s, ETA 349s
  → 저장 완료 (24000개)
  [24050/31879] 1068s, ETA 348s
  [24100/31879] 1070s, ETA 345s
  [24150/31879] 1072s, ETA 343s
  [24200/31879] 1075s, ETA 341s
  [24250/31879] 1077s, ETA 339s
  [24300/31879] 1078s, ETA 336s
  [24350/31879] 1079s, ETA 334s
  [24400/31879] 1080s, ETA 331s
  [24450/31879] 1081s, ETA 328s
  [24500/31879] 1083s, ETA 326s
  → 저장 완료 (24500개)
  [24550/31879] 1086s, ETA 324s
  [24600/31879] 1087s, ETA 322s
  [24650/31879] 1087s, ETA 319s
  [24700/31879] 1090s, ETA 317s
  [24750/31879] 1090s, ETA 314s
  [24800/31879] 1093s, ETA 312s
  [24850/31879] 1095s, ETA 310s
  [24900/31879] 1097s, ETA 307s
  [24950/31879] 1098s, ETA 305s
  [25000/31879] 1099s, ETA 302s
  → 저장 완료 (25000개)
  [25050/31879] 1103s, ETA 301s
  [25100/31879] 1104s, ETA 298s
  [25150/31879] 1106s, ETA 296s
  [25200/31879] 1109s, ETA 294s
  [25250/31879] 1109s, ETA 291s
  [25300/31879] 1111s, ETA 289s
  [25350/31879] 1112s, ETA 286s
  [25400/31879] 1114s, ETA 284s
  [25450/31879] 1116s, ETA 282s
  [25500/31879] 1117s, ETA 279s
  → 저장 완료 (25500개)
  [25550/31879] 1122s, ETA 278s
  [25600/31879] 1124s, ETA 276s
  [25650/31879] 1127s, ETA 274s
  [25700/31879] 1130s, ETA 272s
  [25750/31879] 1133s, ETA 270s
  [25800/31879] 1135s, ETA 267s
  [25850/31879] 1137s, ETA 265s
  [25900/31879] 1137s, ETA 263s
  [25950/31879] 1138s, ETA 260s
  [26000/31879] 1140s, ETA 258s
  → 저장 완료 (26000개)
  [26050/31879] 1144s, ETA 256s
  [26100/31879] 1146s, ETA 254s
  [26150/31879] 1148s, ETA 251s
  [26200/31879] 1150s, ETA 249s
  [26250/31879] 1152s, ETA 247s
  [26300/31879] 1153s, ETA 245s
  [26350/31879] 1153s, ETA 242s
  [26400/31879] 1154s, ETA 239s
  [26450/31879] 1156s, ETA 237s
  [26500/31879] 1158s, ETA 235s
  → 저장 완료 (26500개)
  [26550/31879] 1161s, ETA 233s
  [26600/31879] 1162s, ETA 231s
  [26650/31879] 1165s, ETA 229s
  [26700/31879] 1167s, ETA 226s
  [26750/31879] 1171s, ETA 224s
  [26800/31879] 1173s, ETA 222s
  [26850/31879] 1176s, ETA 220s
  [26900/31879] 1176s, ETA 218s
  [26950/31879] 1179s, ETA 216s
  [27000/31879] 1180s, ETA 213s
  → 저장 완료 (27000개)
  [27050/31879] 1185s, ETA 211s
  [27100/31879] 1186s, ETA 209s
  [27150/31879] 1187s, ETA 207s
  [27200/31879] 1190s, ETA 205s
  [27250/31879] 1190s, ETA 202s
  [27300/31879] 1191s, ETA 200s
  [27350/31879] 1193s, ETA 198s
  [27400/31879] 1194s, ETA 195s
  [27450/31879] 1197s, ETA 193s
  [27500/31879] 1199s, ETA 191s
  → 저장 완료 (27500개)
  [27550/31879] 1204s, ETA 189s
  [27600/31879] 1205s, ETA 187s
  [27650/31879] 1206s, ETA 184s
  [27700/31879] 1208s, ETA 182s
  [27750/31879] 1211s, ETA 180s
  [27800/31879] 1214s, ETA 178s
  [27850/31879] 1216s, ETA 176s
  [27900/31879] 1218s, ETA 174s
  [27950/31879] 1219s, ETA 171s
  [28000/31879] 1219s, ETA 169s
  → 저장 완료 (28000개)
  [28050/31879] 1224s, ETA 167s
  [28100/31879] 1226s, ETA 165s
  [28150/31879] 1226s, ETA 162s
  [28200/31879] 1227s, ETA 160s
  [28250/31879] 1228s, ETA 158s
  [28300/31879] 1232s, ETA 156s
  [28350/31879] 1234s, ETA 154s
  [28400/31879] 1236s, ETA 151s
  [28450/31879] 1238s, ETA 149s
  [28500/31879] 1239s, ETA 147s
  → 저장 완료 (28500개)
  [28550/31879] 1244s, ETA 145s
  [28600/31879] 1245s, ETA 143s
  [28650/31879] 1247s, ETA 141s
  [28700/31879] 1250s, ETA 138s
  [28750/31879] 1252s, ETA 136s
  [28800/31879] 1253s, ETA 134s
  [28850/31879] 1255s, ETA 132s
  [28900/31879] 1258s, ETA 130s
  [28950/31879] 1259s, ETA 127s
  [29000/31879] 1259s, ETA 125s
  → 저장 완료 (29000개)
  [29050/31879] 1264s, ETA 123s
  [29100/31879] 1266s, ETA 121s
  [29150/31879] 1267s, ETA 119s
  [29200/31879] 1272s, ETA 117s
  [29250/31879] 1274s, ETA 115s
  [29300/31879] 1275s, ETA 112s
  [29350/31879] 1278s, ETA 110s
  [29400/31879] 1279s, ETA 108s
  [29450/31879] 1280s, ETA 106s
  [29500/31879] 1282s, ETA 103s
  → 저장 완료 (29500개)
  [29550/31879] 1285s, ETA 101s
  [29600/31879] 1287s, ETA 99s
  [29650/31879] 1289s, ETA 97s
  [29700/31879] 1291s, ETA 95s
  [29750/31879] 1293s, ETA 93s
  [29800/31879] 1294s, ETA 90s
  [29850/31879] 1297s, ETA 88s
  [29900/31879] 1301s, ETA 86s
  [29950/31879] 1302s, ETA 84s
  [30000/31879] 1305s, ETA 82s
  → 저장 완료 (30000개)
  [30050/31879] 1309s, ETA 80s
  [30100/31879] 1312s, ETA 78s
  [30150/31879] 1314s, ETA 75s
  [30200/31879] 1317s, ETA 73s
  [30250/31879] 1318s, ETA 71s
  [30300/31879] 1321s, ETA 69s
  [30350/31879] 1321s, ETA 67s
  [30400/31879] 1323s, ETA 64s
  [30450/31879] 1325s, ETA 62s
  [30500/31879] 1330s, ETA 60s
  → 저장 완료 (30500개)
  [30550/31879] 1333s, ETA 58s
  [30600/31879] 1336s, ETA 56s
  [30650/31879] 1339s, ETA 54s
  [30700/31879] 1340s, ETA 51s
  [30750/31879] 1342s, ETA 49s
  [30800/31879] 1343s, ETA 47s
  [30850/31879] 1344s, ETA 45s
  [30900/31879] 1346s, ETA 43s
  [30950/31879] 1349s, ETA 40s
  [31000/31879] 1350s, ETA 38s
  → 저장 완료 (31000개)
  [31050/31879] 1354s, ETA 36s
  [31100/31879] 1355s, ETA 34s
  [31150/31879] 1356s, ETA 32s
  [31200/31879] 1358s, ETA 30s
  [31250/31879] 1360s, ETA 27s
  [31300/31879] 1361s, ETA 25s
  [31350/31879] 1363s, ETA 23s
  [31400/31879] 1366s, ETA 21s
  [31450/31879] 1367s, ETA 19s
  [31500/31879] 1369s, ETA 16s
  → 저장 완료 (31500개)
  [31550/31879] 1374s, ETA 14s
  [31600/31879] 1376s, ETA 12s
  [31650/31879] 1378s, ETA 10s
  [31700/31879] 1380s, ETA 8s
  [31750/31879] 1381s, ETA 6s
  [31800/31879] 1382s, ETA 3s
  [31850/31879] 1383s, ETA 1s
  [31879/31879] 1385s, ETA 0s
  → 저장 완료 (31879개)

완료! shape=(31879, 4096), 파일=c:\Users\SSAFY\Desktop\공정거래_데이터\rag_system\index\embeddings.npy (249MB)
총 1391s 소요
